
 /----------------------------------------------------------------------------\
 |                                                                            |
 |  yosys -- Yosys Open SYnthesis Suite                                       |
 |                                                                            |
 |  Copyright (C) 2012 - 2020  Claire Xenia Wolf <claire@yosyshq.com>         |
 |                                                                            |
 |  Permission to use, copy, modify, and/or distribute this software for any  |
 |  purpose with or without fee is hereby granted, provided that the above    |
 |  copyright notice and this permission notice appear in all copies.         |
 |                                                                            |
 |  THE SOFTWARE IS PROVIDED "AS IS" AND THE AUTHOR DISCLAIMS ALL WARRANTIES  |
 |  WITH REGARD TO THIS SOFTWARE INCLUDING ALL IMPLIED WARRANTIES OF          |
 |  MERCHANTABILITY AND FITNESS. IN NO EVENT SHALL THE AUTHOR BE LIABLE FOR   |
 |  ANY SPECIAL, DIRECT, INDIRECT, OR CONSEQUENTIAL DAMAGES OR ANY DAMAGES    |
 |  WHATSOEVER RESULTING FROM LOSS OF USE, DATA OR PROFITS, WHETHER IN AN     |
 |  ACTION OF CONTRACT, NEGLIGENCE OR OTHER TORTIOUS ACTION, ARISING OUT OF   |
 |  OR IN CONNECTION WITH THE USE OR PERFORMANCE OF THIS SOFTWARE.            |
 |                                                                            |
 \----------------------------------------------------------------------------/

 Yosys 0.33 (git sha1 2584903a060)


-- Executing script file `design_smt2.ys' --

1. Executing RTLIL frontend.
Input filename: design_prep.il

2. Executing HIERARCHY pass (managing design hierarchy).

2.1. Analyzing design hierarchy..
Top module:  \counter_05_formal_top
Used module:     \counter_05_sva
Used module:     \counter_05

2.2. Analyzing design hierarchy..
Top module:  \counter_05_formal_top
Used module:     \counter_05_sva
Used module:     \counter_05
Removed 0 unused modules.
Module counter_05_sva directly or indirectly contains formal properties -> setting "keep" attribute.
Module counter_05_formal_top directly or indirectly contains formal properties -> setting "keep" attribute.

3. Executing FORMALFF pass.

4. Executing DFFUNMAP pass (unmap clock enable and synchronous reset from FFs).

5. Printing statistics.

=== counter_05_sva ===

   Number of wires:                 26
   Number of wire bits:             26
   Number of public wires:           5
   Number of public wire bits:       5
   Number of memories:               0
   Number of memory bits:            0
   Number of processes:              0
   Number of cells:                 25
     $anyinit                        3
     $anyseq                         4
     $assert                         2
     $assume                         1
     $ff                             3
     $logic_and                      1
     $logic_not                      1
     $mux                            8
     $not                            2

=== counter_05_formal_top ===

   Number of wires:                  5
   Number of wire bits:              5
   Number of public wires:           4
   Number of public wire bits:       4
   Number of memories:               0
   Number of memory bits:            0
   Number of processes:              0
   Number of cells:                  7
     $anyseq                         3
     $assume                         1
     $not                            1
     counter_05                      1
     counter_05_sva                  1

=== counter_05 ===

   Number of wires:                  9
   Number of wire bits:              9
   Number of public wires:           6
   Number of public wire bits:       6
   Number of memories:               0
   Number of memory bits:            0
   Number of processes:              0
   Number of cells:                  6
     $anyinit                        1
     $assume                         1
     $mux                            3
     $not                            1

=== design hierarchy ===

   counter_05_formal_top             1
     counter_05                      1
     counter_05_sva                  1

   Number of wires:                 40
   Number of wire bits:             40
   Number of public wires:          15
   Number of public wire bits:      15
   Number of memories:               0
   Number of memory bits:            0
   Number of processes:              0
   Number of cells:                 36
     $anyinit                        4
     $anyseq                         7
     $assert                         2
     $assume                         3
     $ff                             3
     $logic_and                      1
     $logic_not                      1
     $mux                           11
     $not                            4

6. Executing SMT2 backend.

6.1. Executing BMUXMAP pass.

6.2. Executing DEMUXMAP pass.
Creating SMT-LIBv2 representation of module counter_05.
Creating SMT-LIBv2 representation of module counter_05_sva.
Creating SMT-LIBv2 representation of module counter_05_formal_top.

End of script. Logfile hash: b59a7d8d09, CPU: user 0.00s system 0.01s, MEM: 14.63 MB peak
Yosys 0.33 (git sha1 2584903a060)
Time spent: 71% 2x write_smt2 (0 sec), 17% 2x read_rtlil (0 sec), ...
